------------------------------------------------------------
Timing Analyzer Summary
------------------------------------------------------------

Type  : Slow 1100mV 85C Model Setup 'clk'
Slack : -2.473
TNS   : -62.337

Type  : Slow 1100mV 85C Model Hold 'clk'
Slack : 0.379
TNS   : 0.000

Type  : Slow 1100mV 85C Model Minimum Pulse Width 'clk'
Slack : -0.394
TNS   : -14.526

Type  : Slow 1100mV 0C Model Setup 'clk'
Slack : -2.342
TNS   : -59.120

Type  : Slow 1100mV 0C Model Hold 'clk'
Slack : 0.380
TNS   : 0.000

Type  : Slow 1100mV 0C Model Minimum Pulse Width 'clk'
Slack : -0.394
TNS   : -15.713

Type  : Fast 1100mV 85C Model Setup 'clk'
Slack : -1.069
TNS   : -25.518

Type  : Fast 1100mV 85C Model Hold 'clk'
Slack : 0.201
TNS   : 0.000

Type  : Fast 1100mV 85C Model Minimum Pulse Width 'clk'
Slack : -0.088
TNS   : -2.420

Type  : Fast 1100mV 0C Model Setup 'clk'
Slack : -0.882
TNS   : -20.844

Type  : Fast 1100mV 0C Model Hold 'clk'
Slack : 0.189
TNS   : 0.000

Type  : Fast 1100mV 0C Model Minimum Pulse Width 'clk'
Slack : -0.085
TNS   : -2.352

------------------------------------------------------------
