------------------------------------------------------------
Timing Analyzer Summary
------------------------------------------------------------

Type  : Slow 1100mV 85C Model Setup 'clk'
Slack : -2.309
TNS   : -68.442

Type  : Slow 1100mV 85C Model Hold 'clk'
Slack : 0.388
TNS   : 0.000

Type  : Slow 1100mV 85C Model Minimum Pulse Width 'clk'
Slack : -0.394
TNS   : -21.333

Type  : Slow 1100mV 0C Model Setup 'clk'
Slack : -2.272
TNS   : -68.485

Type  : Slow 1100mV 0C Model Hold 'clk'
Slack : 0.372
TNS   : 0.000

Type  : Slow 1100mV 0C Model Minimum Pulse Width 'clk'
Slack : -0.394
TNS   : -22.964

Type  : Fast 1100mV 85C Model Setup 'clk'
Slack : -0.910
TNS   : -23.741

Type  : Fast 1100mV 85C Model Hold 'clk'
Slack : 0.207
TNS   : 0.000

Type  : Fast 1100mV 85C Model Minimum Pulse Width 'clk'
Slack : -0.090
TNS   : -3.550

Type  : Fast 1100mV 0C Model Setup 'clk'
Slack : -0.766
TNS   : -20.030

Type  : Fast 1100mV 0C Model Hold 'clk'
Slack : 0.194
TNS   : 0.000

Type  : Fast 1100mV 0C Model Minimum Pulse Width 'clk'
Slack : -0.087
TNS   : -3.447

------------------------------------------------------------
